// Jest Snapshot v1, https://goo.gl/fbAQLP

exports[`RecipeCard should match snapshot 1`] = `
<body>
  <div>
    <div
      class="card-container"
    >
      <div
        class="title"
      >
        title of recipe
      </div>
       
      <div
        class="content"
      >
        <img
          alt="title of recipe"
          class="image-container"
          src="image/image.jpg"
        />
         
        <div
          class="link-and-ingredients"
        >
          potatoe, tomatoe
           
          <a
            href="http://my-recipe.recipe"
          >
            Lien vers la recette
          </a>
        </div>
      </div>
    </div>
  </div>
  <div>
    <div
      class="card-container"
    >
      <div
        class="title"
      >
        title of recipe
      </div>
       
      <div
        class="content"
      >
        <img
          alt="title of recipe"
          class="image-container"
          src="image/image.jpg"
        />
         
        <div
          class="link-and-ingredients"
        >
          potatoe, tomatoe
           
          <a
            href="http://my-recipe.recipe"
          >
            Lien vers la recette
          </a>
        </div>
      </div>
    </div>
  </div>
</body>
`;
