// Jest Snapshot v1, https://goo.gl/fbAQLP

exports[`ButtonBurgerShape should match snapshot 1`] = `
<body>
  <div>
    <button
      class=""
    >
      <span>
        My button text
      </span>
    </button>
  </div>
</body>
`;
