// Jest Snapshot v1, https://goo.gl/fbAQLP

exports[`H2 should match snapshot 1`] = `
<body>
  <div>
    <h2>
      My title
    </h2>
  </div>
</body>
`;
