// Jest Snapshot v1, https://goo.gl/fbAQLP

exports[`Input should match snapshot 1`] = `
<body>
  <div>
    <label>
      <h2>
        My label
      </h2>
       
      <input
        name="ingredients"
      />
    </label>
  </div>
</body>
`;
